// Jest Snapshot v1, https://goo.gl/fbAQLP

exports[`Should Show Log Out when has session 1`] = `
<div>
  <div
    class="fixed top-0 left-0 right-0 z-40 bg-gray-100"
  >
    <nav
      class="p-2 items-center w-full flex justify-between"
      data-testid="navbar"
    >
      <div
        class="text-black h-12 w-full gap-0 sm:gap-3 flex items-center justify-between"
      >
        <div
          class="flex align-center"
        >
          <div
            class="flex space-x-5  "
          >
            <div
              class="hidden sm:hidden md:block"
            >
              <a
                href="/"
              >
                <img
                  alt="image"
                  class="cursor-pointer max-h-sm max-w-lg py-3 mt-0 "
                  data-nimg="1"
                  decoding="async"
                  height="80"
                  loading="lazy"
                  src="/_next/image?url=%2Fimg%2Fmongoose.PNG&w=256&q=75"
                  srcset="/_next/image?url=%2Fimg%2Fmongoose.PNG&w=96&q=75 1x, /_next/image?url=%2Fimg%2Fmongoose.PNG&w=256&q=75 2x"
                  style="color: transparent;"
                  width="80"
                />
              </a>
            </div>
          </div>
          <div
            class="flex space-x-2 ml-1 sm:mt-3 text-black mb-2 font-bold italic text-xl sm:text-2xl sm:py-2 md:py-1 px-0 xs:px-3 sm:px-1 sm:pt-2"
          >
            <a
              href="/"
            >
              <h1>
                Mongeese 
                Map
              </h1>
            </a>
          </div>
        </div>
        <div
          class="justify-center items-center gap-1 flex 3xl:flex-1 flex-row 3xl:justify-end"
        >
          <div
            class="mx-2.5 gap-1 hidden lg:flex"
          >
            <div
              class="flex flex-col items-center"
            >
              <span
                class="font-bold text-black"
              >
                Language
                :
              </span>
              <ul
                class="flex flex-col sm:flex-row space-y-2 sm:space-y-0 sm:space-x-2"
              >
                <li>
                  <button
                    class="text-black hover:text-gray-500 focus:outline-none border-2 border-black px-2 sm:px-3 py-1 rounded-full text-xs sm:text-sm font-bold"
                    type="button"
                  >
                    English
                  </button>
                </li>
                <li>
                  <button
                    class="text-black hover:text-gray-500 focus:outline-none border-2 border-black px-2 sm:px-3 py-1 rounded-full text-xs sm:text-sm font-normal"
                    type="button"
                  >
                    Ελληνικά
                  </button>
                </li>
              </ul>
            </div>
          </div>
          <div
            class="mx-2.5 gap-1 hidden lg:flex"
          >
            <a
              class="text-xl hover:bg-gray-300 py-1 px-1 xs:px-3 sm:px-3 rounded-full"
              href="/"
            >
              Home
            </a>
          </div>
          <div
            class="mx-2.5 gap-1 hidden lg:flex"
          >
            <a
              class="text-xl hover:bg-gray-300 py-1 px-1 xs:px-3 sm:px-3 rounded-full"
              href="/map"
            >
              Map
            </a>
          </div>
          <div
            class="mx-2.5 gap-1 hidden lg:flex"
          >
            <a
              class="text-xl hover:bg-gray-300 py-1 px-1 xs:px-3 sm:px-3 rounded-full"
              href="/legal"
            >
              Legal
            </a>
          </div>
          <div
            class="mx-2.5 gap-1 hidden lg:flex"
          >
            <a
              class="text-xl hover:bg-gray-300 py-1 px-1 xs:px-3 sm:px-3 rounded-full"
              href="/documentation"
            >
              Documentation
            </a>
          </div>
          <div
            class="mx-2.5 gap-1 hidden lg:flex"
          >
            <a
              class="text-xl hover:bg-gray-300 py-1 px-1 xs:px-3 sm:px-3 rounded-full"
              href="/upload"
            >
              Upload
            </a>
          </div>
          <div
            class="flex items-center mb-2 mx-2.5"
          >
            <div>
              <h1
                class="text-5xl cursor-default mb-1"
              >
                |
              </h1>
            </div>
            <div
              class="text-ellipsis flex justify-center sm:text-l text-sm mt-2 py-1 px-1 xs:px-3 sm:px-1 cursor-default"
            >
              <h1>
                Welcome
                 
              </h1>
            </div>
            <div
              class="flex cursor-pointer"
            >
              <a
                class="flex items-center text-xl mt-2 hover:bg-gray-300 py-1 px-1 xs:px-3 sm:px-3 px-2 rounded-full mb-1"
              >
                <svg
                  aria-hidden="true"
                  class="h-6 w-6 mt-1"
                  fill="none"
                  stroke="currentColor"
                  stroke-width="2"
                  viewBox="0 0 24 24"
                  xmlns="http://www.w3.org/2000/svg"
                >
                  <path
                    d="M17 16l4-4m0 0l-4-4m4 4H7m6 4v1a3 3 0 01-3 3H6a3 3 0 01-3-3V7a3 3 0 013-3h4a3 3 0 013 3v1"
                    stroke-linecap="round"
                    stroke-linejoin="round"
                  />
                </svg>
                Logout
              </a>
            </div>
          </div>
        </div>
      </div>
      <div
        class="lg:hidden w-full"
      >
        <div
          class="flex items-center justify-end"
        >
          <div
            class="relative inline-block text-left"
          >
            <div>
              <button
                aria-expanded="false"
                aria-haspopup="true"
                class="inline-flex justify-center w-full rounded-md border border-gray-300 shadow-sm px-4 py-2 bg-white text-sm font-medium text-black hover:bg-gray-50 focus:outline-none focus:ring-2 focus:ring-offset-2 focus:ring-offset-gray-100 focus:ring-indigo-500"
                id="menu-button"
                type="button"
              >
                Menu
              </button>
            </div>
          </div>
        </div>
      </div>
    </nav>
  </div>
</div>
`;

exports[`Should Show Menu when has session 1`] = `
<div>
  <div
    class="fixed top-0 left-0 right-0 z-40 bg-gray-100"
  >
    <nav
      class="p-2 items-center w-full flex justify-between"
      data-testid="navbar"
    >
      <div
        class="text-black h-12 w-full gap-0 sm:gap-3 flex items-center justify-between"
      >
        <div
          class="flex align-center"
        >
          <div
            class="flex space-x-5  "
          >
            <div
              class="hidden sm:hidden md:block"
            >
              <a
                href="/"
              >
                <img
                  alt="image"
                  class="cursor-pointer max-h-sm max-w-lg py-3 mt-0 "
                  data-nimg="1"
                  decoding="async"
                  height="80"
                  loading="lazy"
                  src="/_next/image?url=%2Fimg%2Fmongoose.PNG&w=256&q=75"
                  srcset="/_next/image?url=%2Fimg%2Fmongoose.PNG&w=96&q=75 1x, /_next/image?url=%2Fimg%2Fmongoose.PNG&w=256&q=75 2x"
                  style="color: transparent;"
                  width="80"
                />
              </a>
            </div>
          </div>
          <div
            class="flex space-x-2 ml-1 sm:mt-3 text-black mb-2 font-bold italic text-xl sm:text-2xl sm:py-2 md:py-1 px-0 xs:px-3 sm:px-1 sm:pt-2"
          >
            <a
              href="/"
            >
              <h1>
                Mongeese 
                Map
              </h1>
            </a>
          </div>
        </div>
        <div
          class="justify-center items-center gap-1 flex 3xl:flex-1 flex-row 3xl:justify-end"
        >
          <div
            class="mx-2.5 gap-1 hidden lg:flex"
          >
            <div
              class="flex flex-col items-center"
            >
              <span
                class="font-bold text-black"
              >
                Language
                :
              </span>
              <ul
                class="flex flex-col sm:flex-row space-y-2 sm:space-y-0 sm:space-x-2"
              >
                <li>
                  <button
                    class="text-black hover:text-gray-500 focus:outline-none border-2 border-black px-2 sm:px-3 py-1 rounded-full text-xs sm:text-sm font-bold"
                    type="button"
                  >
                    English
                  </button>
                </li>
                <li>
                  <button
                    class="text-black hover:text-gray-500 focus:outline-none border-2 border-black px-2 sm:px-3 py-1 rounded-full text-xs sm:text-sm font-normal"
                    type="button"
                  >
                    Ελληνικά
                  </button>
                </li>
              </ul>
            </div>
          </div>
          <div
            class="mx-2.5 gap-1 hidden lg:flex"
          >
            <a
              class="text-xl hover:bg-gray-300 py-1 px-1 xs:px-3 sm:px-3 rounded-full"
              href="/"
            >
              Home
            </a>
          </div>
          <div
            class="mx-2.5 gap-1 hidden lg:flex"
          >
            <a
              class="text-xl hover:bg-gray-300 py-1 px-1 xs:px-3 sm:px-3 rounded-full"
              href="/map"
            >
              Map
            </a>
          </div>
          <div
            class="mx-2.5 gap-1 hidden lg:flex"
          >
            <a
              class="text-xl hover:bg-gray-300 py-1 px-1 xs:px-3 sm:px-3 rounded-full"
              href="/legal"
            >
              Legal
            </a>
          </div>
          <div
            class="mx-2.5 gap-1 hidden lg:flex"
          >
            <a
              class="text-xl hover:bg-gray-300 py-1 px-1 xs:px-3 sm:px-3 rounded-full"
              href="/documentation"
            >
              Documentation
            </a>
          </div>
          <div
            class="mx-2.5 gap-1 hidden lg:flex"
          >
            <a
              class="text-xl hover:bg-gray-300 py-1 px-1 xs:px-3 sm:px-3 rounded-full"
              href="/upload"
            >
              Upload
            </a>
          </div>
          <div
            class="flex items-center mb-2 mx-2.5"
          >
            <div>
              <h1
                class="text-5xl cursor-default mb-1"
              >
                |
              </h1>
            </div>
            <div
              class="text-ellipsis flex justify-center sm:text-l text-sm mt-2 py-1 px-1 xs:px-3 sm:px-1 cursor-default"
            >
              <h1>
                Welcome
                 
              </h1>
            </div>
            <div
              class="flex cursor-pointer"
            >
              <a
                class="flex items-center text-xl mt-2 hover:bg-gray-300 py-1 px-1 xs:px-3 sm:px-3 px-2 rounded-full mb-1"
              >
                <svg
                  aria-hidden="true"
                  class="h-6 w-6 mt-1"
                  fill="none"
                  stroke="currentColor"
                  stroke-width="2"
                  viewBox="0 0 24 24"
                  xmlns="http://www.w3.org/2000/svg"
                >
                  <path
                    d="M17 16l4-4m0 0l-4-4m4 4H7m6 4v1a3 3 0 01-3 3H6a3 3 0 01-3-3V7a3 3 0 013-3h4a3 3 0 013 3v1"
                    stroke-linecap="round"
                    stroke-linejoin="round"
                  />
                </svg>
                Logout
              </a>
            </div>
          </div>
        </div>
      </div>
      <div
        class="lg:hidden w-full"
      >
        <div
          class="flex items-center justify-end"
        >
          <div
            class="relative inline-block text-left"
          >
            <div>
              <button
                aria-expanded="false"
                aria-haspopup="true"
                class="inline-flex justify-center w-full rounded-md border border-gray-300 shadow-sm px-4 py-2 bg-white text-sm font-medium text-black hover:bg-gray-50 focus:outline-none focus:ring-2 focus:ring-offset-2 focus:ring-offset-gray-100 focus:ring-indigo-500"
                id="menu-button"
                type="button"
              >
                Menu
              </button>
            </div>
          </div>
        </div>
      </div>
    </nav>
  </div>
</div>
`;
